dedup params 21.33M -> 81.4 MiB fp32 | tied weight groups: len(model.state_dict())=204 vs 202 unique tensors
  word_embeddings(+tied decoder)  14.358M  67.3%
  pos/token-type emb               0.525M   2.5%
  encoder Linear                   6.291M  29.5%
  encoder bias/LayerNorm           0.034M   0.2%
  cls.* (MLM transform+bias)       0.122M   0.6%

=== simulated schemes (fidelity) ===
  scheme                                         size   %fp32     hidden   cell-emb logit maxdiff
  fp32 baseline                              81.4MiB  100.0%   1.000000   1.000000             0
  A bnb int8: fp16 emb + int8 decoder+enc    51.7MiB   63.5%   0.999631   0.999655    2.5107e+00  tie_kept=True
  A bnb nf4 : fp16 emb + nf4 decoder+enc     42.5MiB   52.2%   0.944143   0.964620    2.2600e+01  tie_kept=True
  B int8 emb + int8 encoder                  21.3MiB   26.2%   0.999503   0.999644    2.6858e+00
  B int8 emb + nf4 encoder                   19.0MiB   23.3%   0.943967   0.964525    1.9547e+01
  B nf4 emb + nf4 encoder (all 4-bit)        12.8MiB   15.7%   0.933541   0.961163    2.3473e+01
  B nf4 emb + int8 encoder                   15.1MiB   18.6%   0.989390   0.998115    1.1908e+01

=== real on-disk checkpoints ===
  fp16 save_pretrained:   40.7 MiB
  bf16 save_pretrained:   40.7 MiB
  original pytorch_model.bin: 81.4 MiB

=== throughput ===
  CPU fp32 :  0.325 s/fwd
  MPS float32 :  0.129 s/fwd (2.5x vs CPU) hidden cos 1.000380
  MPS float16 :  0.137 s/fwd (2.4x vs CPU) hidden cos 1.000372
  MPS bfloat16:  0.137 s/fwd (2.4x vs CPU) hidden cos 1.000185

done
